{
  "directories": {
    "baseURL": "public/folder",
    "packages": "public/folder/jspm_packages"
  },
  "configFile": "public/config.js",
  "configFiles": {
    "jspm": "public/config.js",
    "jspm:browser": "public/jspm.browser.js"
  },
  "registry": "jspm"
}
